// Jest Snapshot v1, https://goo.gl/fbAQLP

exports[`Header renders correctly without props 1`] = `
<Fragment>
  <div
    className="header"
  >
    <div
      className="header--logo"
    >
      <a
        href="/"
      >
        <Icon
          className=""
          name="Logo-Header.svg"
          width="200px"
        />
      </a>
    </div>
    <div
      className="header--nav"
    >
      <div
        className="header--nav--links"
      >
        <a
          className="header--nav--links--current"
          href="/projects/mine"
        >
          My Projects
        </a>
        <a
          className={null}
          href="/tasks"
        >
          My Tasks
        </a>
        <a
          href="https://forum.comakery.com"
          target="_blank"
        >
          Forum
        </a>
        <a
          href="https://ledger.comakery.com"
          target="_blank"
        >
          Blog
        </a>
        <a
          className={null}
          href="/wallets"
        >
          Wallets
        </a>
        <a
          className={null}
          href="/account"
        >
          My Account
        </a>
        <a
          data-method="delete"
          data-turbo="false"
          href="/session"
          rel="nofollow"
        >
          Sign out
        </a>
      </div>
    </div>
  </div>
  <div
    className="header-mobile"
  >
    <Icon
      className=""
      name="Logo-Header.svg"
      width="162px"
    />
    <div
      className="header-mobile__menu-icon"
      onClick={[Function]}
    >
      <span
        className=""
      />
    </div>
  </div>
</Fragment>
`;
